// Jest Snapshot v1, https://jestjs.io/docs/snapshot-testing

exports[`envHandler loadConfig should match snapshot with all values 1`] = `
{
  "apiKey": "snapshot-key",
  "bundleReferenceFolder": "./bundles/",
  "configFile": "./config.js",
  "referenceFile": "./reference.md",
}
`;
